
> @magic-vault/web@1.0.1 build C:\Mault Revised\mault\packages\web
> tsc -b && vite build

[36mvite v6.4.1 [32mbuilding for production...[36m[39m
transforming...
[32m✓[39m 7088 modules transformed.
rendering chunks...
computing gzip size...
[2mdist/[22m[32mindex.html                                                   [39m[1m[2m  0.47 kB[22m[1m[22m[2m │ gzip:   0.30 kB[22m
[2mdist/[22m[32massets/jetbrains-mono-vietnamese-wght-normal-Bt-aOZkq.woff2  [39m[1m[2m  7.50 kB[22m[1m[22m
[2mdist/[22m[32massets/jetbrains-mono-greek-wght-normal-Bw9x6K1M.woff2       [39m[1m[2m  9.00 kB[22m[1m[22m
[2mdist/[22m[32massets/figtree-latin-ext-wght-normal-DCwSJGxG.woff2          [39m[1m[2m 10.28 kB[22m[1m[22m
[2mdist/[22m[32massets/jetbrains-mono-cyrillic-wght-normal-D73BlboJ.woff2    [39m[1m[2m 12.11 kB[22m[1m[22m
[2mdist/[22m[32massets/geist-mono-cyrillic-wght-normal-BZdD_g9V.woff2        [39m[1m[2m 12.62 kB[22m[1m[22m
[2mdist/[22m[32massets/geist-mono-latin-ext-wght-normal-b6lpi8_2.woff2       [39m[1m[2m 13.04 kB[22m[1m[22m
[2mdist/[22m[32massets/jetbrains-mono-latin-ext-wght-normal-DBQx-q_a.woff2   [39m[1m[2m 15.20 kB[22m[1m[22m
[2mdist/[22m[32massets/figtree-latin-wght-normal-D_ZTVpCC.woff2              [39m[1m[2m 20.16 kB[22m[1m[22m
[2mdist/[22m[32massets/geist-mono-latin-wght-normal-Cjtb1TV-.woff2           [39m[1m[2m 31.37 kB[22m[1m[22m
[2mdist/[22m[32massets/jetbrains-mono-latin-wght-normal-B9CIFXIH.woff2       [39m[1m[2m 40.40 kB[22m[1m[22m
[2mdist/[22m[35massets/index-cuA2ySQX.css                                    [39m[1m[2m119.42 kB[22m[1m[22m[2m │ gzip:  21.49 kB[22m
[2mdist/[22m[36massets/skeleton-CXu2GxQY.js                                  [39m[1m[2m  0.19 kB[22m[1m[22m[2m │ gzip:   0.17 kB[22m
[2mdist/[22m[36massets/notification-settings-DRH1TDGD.js                     [39m[1m[2m  0.22 kB[22m[1m[22m[2m │ gzip:   0.17 kB[22m
[2mdist/[22m[36massets/collections.schema-3kKfrKG9.js                        [39m[1m[2m  0.28 kB[22m[1m[22m[2m │ gzip:   0.22 kB[22m
[2mdist/[22m[36massets/IconChevronRight-Di_xaiH7.js                          [39m[1m[2m  0.33 kB[22m[1m[22m[2m │ gzip:   0.27 kB[22m
[2mdist/[22m[36massets/IconPlayerPlay-iQ9ySaOc.js                            [39m[1m[2m  0.34 kB[22m[1m[22m[2m │ gzip:   0.27 kB[22m
[2mdist/[22m[36massets/IconRotate-DBb_Sb5D.js                                [39m[1m[2m  0.34 kB[22m[1m[22m[2m │ gzip:   0.27 kB[22m
[2mdist/[22m[36massets/IconX-BHOGwLM0.js                                     [39m[1m[2m  0.35 kB[22m[1m[22m[2m │ gzip:   0.27 kB[22m
[2mdist/[22m[36massets/games-uYj1mg88.js                                     [39m[1m[2m  0.38 kB[22m[1m[22m[2m │ gzip:   0.25 kB[22m
[2mdist/[22m[36massets/label-OS2a76Ao.js                                     [39m[1m[2m  0.38 kB[22m[1m[22m[2m │ gzip:   0.26 kB[22m
[2mdist/[22m[36massets/use-scanner-island-Bo71CPj0.js                        [39m[1m[2m  0.41 kB[22m[1m[22m[2m │ gzip:   0.27 kB[22m
[2mdist/[22m[36massets/IconStack2-DZwXHvnK.js                                [39m[1m[2m  0.42 kB[22m[1m[22m[2m │ gzip:   0.29 kB[22m
[2mdist/[22m[36massets/org-settings-CHvFEU0f.js                              [39m[1m[2m  0.45 kB[22m[1m[22m[2m │ gzip:   0.32 kB[22m
[2mdist/[22m[36massets/IconFolders-CVJ0Fzqb.js                               [39m[1m[2m  0.48 kB[22m[1m[22m[2m │ gzip:   0.31 kB[22m
[2mdist/[22m[36massets/IconEdit-BtTmw6PQ.js                                  [39m[1m[2m  0.50 kB[22m[1m[22m[2m │ gzip:   0.33 kB[22m
[2mdist/[22m[36massets/IconLockOpen-CrNM1NGa.js                              [39m[1m[2m  0.50 kB[22m[1m[22m[2m │ gzip:   0.33 kB[22m
[2mdist/[22m[36massets/IconCamera-BYLhkXHp.js                                [39m[1m[2m  0.51 kB[22m[1m[22m[2m │ gzip:   0.32 kB[22m
[2mdist/[22m[36massets/IconWifi-CMrCowiP.js                                  [39m[1m[2m  0.51 kB[22m[1m[22m[2m │ gzip:   0.33 kB[22m
[2mdist/[22m[36massets/useControlled-BnDtr5cy.js                             [39m[1m[2m  0.51 kB[22m[1m[22m[2m │ gzip:   0.38 kB[22m
[2mdist/[22m[36massets/IconTrash-CHFdfLXi.js                                 [39m[1m[2m  0.53 kB[22m[1m[22m[2m │ gzip:   0.33 kB[22m
[2mdist/[22m[36massets/IconAdjustments-XNXtTkG6.js                           [39m[1m[2m  0.69 kB[22m[1m[22m[2m │ gzip:   0.34 kB[22m
[2mdist/[22m[36massets/IconLayoutGrid-W2sTJ-xV.js                            [39m[1m[2m  0.71 kB[22m[1m[22m[2m │ gzip:   0.31 kB[22m
[2mdist/[22m[36massets/admin-o7JMwBcl.js                                     [39m[1m[2m  0.72 kB[22m[1m[22m[2m │ gzip:   0.36 kB[22m
[2mdist/[22m[36massets/IconExternalLink-jQoABhc0.js                          [39m[1m[2m  0.75 kB[22m[1m[22m[2m │ gzip:   0.36 kB[22m
[2mdist/[22m[36massets/IconBrandDiscord-CphBpCIh.js                          [39m[1m[2m  0.76 kB[22m[1m[22m[2m │ gzip:   0.44 kB[22m
[2mdist/[22m[36massets/IconRefresh-BlbOZ-ZD.js                               [39m[1m[2m  0.77 kB[22m[1m[22m[2m │ gzip:   0.37 kB[22m
[2mdist/[22m[36massets/links-DmBJ3EkY.js                                     [39m[1m[2m  0.78 kB[22m[1m[22m[2m │ gzip:   0.49 kB[22m
[2mdist/[22m[36massets/primary-color-CAcAG0S_.js                             [39m[1m[2m  1.07 kB[22m[1m[22m[2m │ gzip:   0.39 kB[22m
[2mdist/[22m[36massets/scryfall-CEx74Psj.js                                  [39m[1m[2m  1.11 kB[22m[1m[22m[2m │ gzip:   0.47 kB[22m
[2mdist/[22m[36massets/use-collection-locks-C6QMgIE3.js                      [39m[1m[2m  1.25 kB[22m[1m[22m[2m │ gzip:   0.68 kB[22m
[2mdist/[22m[36massets/responsive-dialog-BIBeXmDK.js                         [39m[1m[2m  1.25 kB[22m[1m[22m[2m │ gzip:   0.58 kB[22m
[2mdist/[22m[36massets/badge-CVlzUjVl.js                                     [39m[1m[2m  1.66 kB[22m[1m[22m[2m │ gzip:   0.74 kB[22m
[2mdist/[22m[36massets/useButton-Q8rjiRRj.js                                 [39m[1m[2m  1.81 kB[22m[1m[22m[2m │ gzip:   0.90 kB[22m
[2mdist/[22m[36massets/collections-Di-sJAkJ.js                               [39m[1m[2m  2.01 kB[22m[1m[22m[2m │ gzip:   0.87 kB[22m
[2mdist/[22m[36massets/use-camera-CaXvm4sR.js                                [39m[1m[2m  2.09 kB[22m[1m[22m[2m │ gzip:   1.05 kB[22m
[2mdist/[22m[36massets/delete-dialog-BT__j7NH.js                             [39m[1m[2m  2.25 kB[22m[1m[22m[2m │ gzip:   1.11 kB[22m
[2mdist/[22m[36massets/theme-toggle-DT2V-YqA.js                              [39m[1m[2m  2.35 kB[22m[1m[22m[2m │ gzip:   1.02 kB[22m
[2mdist/[22m[36massets/card-detection-KaSbP4Ob.js                            [39m[1m[2m  2.36 kB[22m[1m[22m[2m │ gzip:   1.19 kB[22m
[2mdist/[22m[36massets/audit-drawer-CABP6W7r.js                              [39m[1m[2m  3.44 kB[22m[1m[22m[2m │ gzip:   1.31 kB[22m
[2mdist/[22m[36massets/use-module-configs-xo0Kowu4.js                        [39m[1m[2m  3.54 kB[22m[1m[22m[2m │ gzip:   1.29 kB[22m
[2mdist/[22m[36massets/button-BEcXovgl.js                                    [39m[1m[2m  3.66 kB[22m[1m[22m[2m │ gzip:   1.38 kB[22m
[2mdist/[22m[36massets/use-bin-configs-DDZC0T-1.js                           [39m[1m[2m  4.14 kB[22m[1m[22m[2m │ gzip:   1.56 kB[22m
[2mdist/[22m[36massets/switch-BPu7CIyE.js                                    [39m[1m[2m  4.25 kB[22m[1m[22m[2m │ gzip:   1.90 kB[22m
[2mdist/[22m[36massets/useValueChanged-yJ5GTzVV.js                           [39m[1m[2m  4.79 kB[22m[1m[22m[2m │ gzip:   2.12 kB[22m
[2mdist/[22m[36massets/monitor-sessions-BclchGRh.js                          [39m[1m[2m  4.84 kB[22m[1m[22m[2m │ gzip:   1.83 kB[22m
[2mdist/[22m[36massets/use-serial-wZDInqjm.js                                [39m[1m[2m  5.72 kB[22m[1m[22m[2m │ gzip:   2.47 kB[22m
[2mdist/[22m[36massets/use-collections-B6Xg1Uti.js                           [39m[1m[2m  6.55 kB[22m[1m[22m[2m │ gzip:   2.17 kB[22m
[2mdist/[22m[36massets/preset-selector-B8qDGyy8.js                           [39m[1m[2m  7.02 kB[22m[1m[22m[2m │ gzip:   2.65 kB[22m
[2mdist/[22m[36massets/useMutation-Cq1gjK0z.js                               [39m[1m[2m  7.10 kB[22m[1m[22m[2m │ gzip:   2.37 kB[22m
[2mdist/[22m[36massets/collections-DXtzDPnF.js                               [39m[1m[2m  8.57 kB[22m[1m[22m[2m │ gzip:   3.02 kB[22m
[2mdist/[22m[36massets/settings-C5lBhlnF.js                                  [39m[1m[2m  9.07 kB[22m[1m[22m[2m │ gzip:   2.84 kB[22m
[2mdist/[22m[36massets/monitor-CUNNKWVj.js                                   [39m[1m[2m 10.30 kB[22m[1m[22m[2m │ gzip:   3.60 kB[22m
[2mdist/[22m[36massets/bins-Dd30dIM_.js                                      [39m[1m[2m 12.04 kB[22m[1m[22m[2m │ gzip:   4.09 kB[22m
[2mdist/[22m[36massets/watcher-stack-DxAA8VRX.js                             [39m[1m[2m 13.14 kB[22m[1m[22m[2m │ gzip:   5.09 kB[22m
[2mdist/[22m[36massets/scroll-area-7sY82cIQ.js                               [39m[1m[2m 13.84 kB[22m[1m[22m[2m │ gzip:   4.76 kB[22m
[2mdist/[22m[36massets/getPseudoElementBounds-CnpvWdFV.js                    [39m[1m[2m 14.24 kB[22m[1m[22m[2m │ gzip:   5.72 kB[22m
[2mdist/[22m[36massets/scan-stats-BEtz844O.js                                [39m[1m[2m 17.29 kB[22m[1m[22m[2m │ gzip:   5.38 kB[22m
[2mdist/[22m[36massets/useOpenInteractionType-ZGOEzbjY.js                    [39m[1m[2m 17.97 kB[22m[1m[22m[2m │ gzip:   6.75 kB[22m
[2mdist/[22m[36massets/index-CurVDTRM.js                                     [39m[1m[2m 18.74 kB[22m[1m[22m[2m │ gzip:   4.85 kB[22m
[2mdist/[22m[36massets/admin-Di9TyuEX.js                                     [39m[1m[2m 20.05 kB[22m[1m[22m[2m │ gzip:   6.43 kB[22m
[2mdist/[22m[36massets/use-organization-CC7ONF5Y.js                          [39m[1m[2m 26.70 kB[22m[1m[22m[2m │ gzip:   8.80 kB[22m
[2mdist/[22m[36massets/layout-BeV_bDz-.js                                    [39m[1m[2m 28.33 kB[22m[1m[22m[2m │ gzip:   9.37 kB[22m
[2mdist/[22m[36massets/dropdown-menu-uLCjOZ-l.js                             [39m[1m[2m 29.74 kB[22m[1m[22m[2m │ gzip:   9.78 kB[22m
[2mdist/[22m[36massets/build-Cb982QvV.js                                     [39m[1m[2m 31.96 kB[22m[1m[22m[2m │ gzip:   8.94 kB[22m
[2mdist/[22m[36massets/calibrate-CS9nRVjL.js                                 [39m[1m[2m 32.01 kB[22m[1m[22m[2m │ gzip:   8.59 kB[22m
[2mdist/[22m[36massets/select-BGAt3gk-.js                                    [39m[1m[2m 42.06 kB[22m[1m[22m[2m │ gzip:  14.26 kB[22m
[2mdist/[22m[36massets/index-D0aTOoLq.js                                     [39m[1m[2m 59.77 kB[22m[1m[22m[2m │ gzip:  17.72 kB[22m
[2mdist/[22m[36massets/button-group-DHqfjKm0.js                              [39m[1m[2m 65.60 kB[22m[1m[22m[2m │ gzip:  20.51 kB[22m
[2mdist/[22m[36massets/zod-ZkEHX5n2.js                                       [39m[1m[2m102.78 kB[22m[1m[22m[2m │ gzip:  30.60 kB[22m
[2mdist/[22m[36massets/scanned-card-item-BU2CIXoF.js                         [39m[1m[2m143.90 kB[22m[1m[22m[2m │ gzip:  47.42 kB[22m
[2mdist/[22m[36massets/index-BB8f5oqA.js                                     [39m[1m[2m459.73 kB[22m[1m[22m[2m │ gzip: 149.01 kB[22m
[32m✓ built in 15.80s[39m
